Failed downward-facing-dog: The read operation timed out
Failed downward-dog: The read operation timed out
Failed burpee: The read operation timed out
Found GIF for burpees: https://fitnessprogramer.com/wp-content/uploads/2021/02/burpees.gif
Found GIF for triceps-dips: https://fitnessprogramer.com/wp-content/uploads/2021/02/Triceps-Dips.gif
Failed child-s-pose: The read operation timed out
